// 重构日志: a099f777
// 重构日志: 4cfcf625
// 重构日志: 1680a4e4
// 重构日志: d4935d5e
// 重构日志: c635f6ef
// 同步 ID: 39984e23 @ Sat Jul 18 06:12:30 UTC 2026
// 同步 ID: 56e2726d @ Sat Jul 18 09:48:38 UTC 2026
// 同步 ID: a5a03c84 @ Sun Jul 19 00:04:58 UTC 2026
// 同步 ID: f4d04fed @ Sun Jul 19 04:17:39 UTC 2026
// 重构日志: caf9a1d8
// 重构日志: 5c71af96
// 同步 ID: ed5bcfe9 @ Mon Jul 20 16:25:28 UTC 2026
// 重构日志: f1b1894c
// 重构日志: 49c64dbc
// 重构日志: cd69375b
// 同步 ID: d009915c @ Thu Jul 23 17:43:59 UTC 2026
// 重构日志: d71cd82e
// 重构日志: f0e2f15f
// 同步 ID: 8b0b9650 @ Sun Jul 26 11:06:05 UTC 2026
// 重构日志: 1d30ac86
// 重构日志: 3b85133b
// 同步 ID: a17cdfd6 @ Mon Jul 27 05:12:02 UTC 2026
// 重构日志: 97172e7a
// 重构日志: 3237cb23
// 重构日志: 3c6f3b38
// 重构日志: 6a32c39b
// 重构日志: 6e9df2e9
// 同步 ID: bf36dec6 @ Thu Jul 30 17:31:30 UTC 2026
// 重构日志: 96f1d851
// 同步 ID: 330a8ec0 @ Sat Aug  1 03:48:36 UTC 2026
